// Jest Snapshot v1, https://goo.gl/fbAQLP

exports[`WelcomePage should render correctly 1`] = `
<section>
  <section class="welcome-page-headline">
    <article class="welcome-page-headline__body">
      <div>
        <h1 class="welcome-page-headline__title">welcome:modul</h1>
        <p class="welcome-page-headline__subtitle">welcome:tagline</p>
      </div>
      <table class="welcome-page-logo">
        <tr>
          <td class="welcome-page-logo__item"></td>
          <td class="welcome-page-logo__item wp--is-yellow"></td>
          <td class="welcome-page-logo__item wp--is-red"><span></span></td>
        </tr>
        <tr>
          <td class="welcome-page-logo__item"></td>
          <td class="welcome-page-logo__item wp--is-yellow"></td>
          <td class="welcome-page-logo__item wp--is-yellow"></td>
        </tr>
        <tr>
          <td class="welcome-page-logo__item"></td>
          <td class="welcome-page-logo__item"></td>
          <td class="welcome-page-logo__item wp--is-yellow"></td>
        </tr>
      </table>
    </article>
  </section>
  <section class="welcome-page__content">
    <m-button>
      <m-icon name="edit"></m-icon> Modul button
    </m-button>
    <p>
      <m-accordion-group class="m-u--margin-top">
        <m-accordion>
          <h2 slot="header" class="m-u--no-margin">Titre 1</h2>
          Contenu de l'accordéon 1
        </m-accordion>
        <m-accordion>
          <h2 slot="header" class="m-u--no-margin">Titre 2</h2>
          Contenu de l'accordéon 2
        </m-accordion>
        <m-accordion>
          <h2 slot="header" class="m-u--no-margin">Titre 3</h2>
          Contenu de l'accordéon 3
        </m-accordion>
        <m-accordion>
          <h2 slot="header" class="m-u--no-margin">Titre 4</h2>
          Contenu de l'accordéon 4
        </m-accordion>
      </m-accordion-group>
    </p>
  </section>
</section>
`;
