// Jest Snapshot v1, https://goo.gl/fbAQLP

exports[`WelcomePage should render correctly 1`] = `
<section>
  <section class="welcome-page-headline">
    <article class="welcome-page-headline__body">
      <div>
        <h1 class="welcome-page-headline__title">welcome:modul</h1>
        <p class="welcome-page-headline__subtitle">welcome:tagline</p>
      </div>
      <table class="welcome-page-logo">
        <tr>
          <td class="welcome-page-logo__item"></td>
          <td class="welcome-page-logo__item wp--is-yellow"></td>
          <td class="welcome-page-logo__item wp--is-red"><span></span></td>
        </tr>
        <tr>
          <td class="welcome-page-logo__item"></td>
          <td class="welcome-page-logo__item wp--is-yellow"></td>
          <td class="welcome-page-logo__item wp--is-yellow"></td>
        </tr>
        <tr>
          <td class="welcome-page-logo__item"></td>
          <td class="welcome-page-logo__item"></td>
          <td class="welcome-page-logo__item wp--is-yellow"></td>
        </tr>
      </table>
    </article>
  </section>
  <section class="welcome-page__content">
    <m-button-stub type="button" skin="primary" iconposition="left" iconsize="12px">
      <m-icon-stub name="edit" size="1em"></m-icon-stub> Modul button
    </m-button-stub>
    <p>
      <m-accordion-group-stub skin="default" class="m-u--margin-top">
        <m-accordion-stub skin="default" iconposition="left" iconsize="large" padding="true" paddingheader="true" paddingbody="true">
          <h2 class="m-u--no-margin">Titre 1</h2>
          Contenu de l'accordéon 1
        </m-accordion-stub>
        <m-accordion-stub skin="default" iconposition="left" iconsize="large" padding="true" paddingheader="true" paddingbody="true">
          <h2 class="m-u--no-margin">Titre 2</h2>
          Contenu de l'accordéon 2
        </m-accordion-stub>
        <m-accordion-stub skin="default" iconposition="left" iconsize="large" padding="true" paddingheader="true" paddingbody="true">
          <h2 class="m-u--no-margin">Titre 3</h2>
          Contenu de l'accordéon 3
        </m-accordion-stub>
        <m-accordion-stub skin="default" iconposition="left" iconsize="large" padding="true" paddingheader="true" paddingbody="true">
          <h2 class="m-u--no-margin">Titre 4</h2>
          Contenu de l'accordéon 4
        </m-accordion-stub>
      </m-accordion-group-stub>
    </p>
  </section>
</section>
`;
